// Jest Snapshot v1, https://jestjs.io/docs/snapshot-testing

exports[`collectionCallback should match snapshot for collection result 1`] = `
{
  "isFallback": false,
  "records": [
    {
      "data": {
        "ai": [
          {
            "category": "design-guidelines",
            "description": "Ethical design principles and best practices for using AI with PatternFly, focusing on accountability, explainability, transparency, fairness, and human-centeredness.",
            "displayName": "AI overview",
            "path": "https://raw.githubusercontent.com/patternfly/patternfly-org/957756128e8ddfc4be5db49e72312a2c43b9d220/packages/documentation-site/patternfly-docs/content/AI/ai.md",
            "pathSlug": "ai",
            "section": "ai",
            "source": "github",
            "version": "v6",
          },
          {
            "category": "design-guidelines",
            "description": "A guide that outlines the design language that should guide the implementation and communication of AI-enabled features at Red Hat, including common design patterns to follow in your UIs. Many of the linked resources require a Red Hat login.",
            "displayName": "Red Hat AI design language",
            "path": "https://raw.githubusercontent.com/patternfly/patternfly-org/ec02b437ec72b6e4cc4e28524516288f4acf9fdf/packages/documentation-site/patternfly-docs/content/AI/design-language.md",
            "pathSlug": "ai-design-language",
            "section": "ai",
            "source": "github",
            "version": "v6",
          },
          {
            "category": "design-guidelines",
            "description": "A workflow for rapidly prototyping PatternFly UIs directly in code using AI-powered development tools.",
            "displayName": "Rapid prototyping",
            "path": "https://raw.githubusercontent.com/patternfly/patternfly-org/957756128e8ddfc4be5db49e72312a2c43b9d220/packages/documentation-site/patternfly-docs/content/AI/rapid-prototyping/rapid-prototyping.md",
            "pathSlug": "rapid-prototyping",
            "section": "ai",
            "source": "github",
            "version": "v6",
          },
          {
            "category": "design-guidelines",
            "description": "How to get started with new AI-assisted PatternFly prototypes using the React seed app.",
            "displayName": "Starting a new prototype",
            "path": "https://raw.githubusercontent.com/patternfly/patternfly-org/957756128e8ddfc4be5db49e72312a2c43b9d220/packages/documentation-site/patternfly-docs/content/AI/rapid-prototyping/new-prototypes.md",
            "pathSlug": "new-prototypes",
            "section": "ai",
            "source": "github",
            "version": "v6",
          },
          {
            "category": "design-guidelines",
            "description": "Guidelines for integrating AI tools into existing PatternFly projects for rapid development.",
            "displayName": "Enhancing existing projects",
            "path": "https://raw.githubusercontent.com/patternfly/patternfly-org/957756128e8ddfc4be5db49e72312a2c43b9d220/packages/documentation-site/patternfly-docs/content/AI/rapid-prototyping/enhancing-existing-projects.md",
            "pathSlug": "enhancing-existing-projects",
            "section": "ai",
            "source": "github",
            "version": "v6",
          },
          {
            "category": "design-guidelines",
            "description": "A guide for using AI to accelerate migrating legacy code to PatternFly React components.",
            "displayName": "AI-assisted code migration",
            "path": "https://raw.githubusercontent.com/patternfly/patternfly-org/957756128e8ddfc4be5db49e72312a2c43b9d220/packages/documentation-site/patternfly-docs/content/AI/rapid-prototyping/migrating-to-patternfly.md",
            "pathSlug": "ai-assisted-code-migration",
            "section": "ai",
            "source": "github",
            "version": "v6",
          },
          {
            "category": "design-guidelines",
            "description": "Principles and best practices for human-centered conversational interfaces like chatbots and voicebots.",
            "displayName": "Conversation design",
            "path": "https://raw.githubusercontent.com/patternfly/patternfly-org/957756128e8ddfc4be5db49e72312a2c43b9d220/packages/documentation-site/patternfly-docs/content/AI/conversation-design/conversation-design.md",
            "pathSlug": "conversation-design",
            "section": "ai",
            "source": "github",
            "version": "v6",
          },
          {
            "category": "design-guidelines",
            "description": "PatternFly's Generative UI exploration for dynamic and personalized user experiences.",
            "displayName": "Compass",
            "path": "https://raw.githubusercontent.com/patternfly/patternfly-org/957756128e8ddfc4be5db49e72312a2c43b9d220/packages/documentation-site/patternfly-docs/content/components/compass/Compass.md",
            "pathSlug": "compass",
            "section": "ai",
            "source": "github",
            "version": "v6",
          },
          {
            "category": "design-guidelines",
            "description": "Developer handbook for building generative UI layouts using Compass components.",
            "displayName": "Compass handbook",
            "path": "https://raw.githubusercontent.com/patternfly/patternfly-org/957756128e8ddfc4be5db49e72312a2c43b9d220/packages/documentation-site/patternfly-docs/content/components/compass/CompassHandbook.md",
            "pathSlug": "compass-handbook",
            "section": "ai",
            "source": "github",
            "version": "v6",
          },
          {
            "category": "design-guidelines",
            "description": "Integrating React Flow for node-based generative UI exploration in Compass.",
            "displayName": "React Flow",
            "path": "https://raw.githubusercontent.com/patternfly/patternfly-org/957756128e8ddfc4be5db49e72312a2c43b9d220/packages/documentation-site/patternfly-docs/content/developer-guides/react-flow/ReactFlow.md",
            "pathSlug": "react-flow",
            "section": "ai",
            "source": "github",
            "version": "v6",
          },
        ],
      },
      "id": "docs::ai",
      "sourceId": "ai",
      "sourceType": "local",
    },
    {
      "data": {
        "aihelpers": [
          {
            "category": "development-guidelines",
            "description": "Find available PatternFly agent skills and plugins, and guidelines for AI workflows.",
            "displayName": "AI Helpers, an agent marketplace for skills",
            "path": "https://raw.githubusercontent.com/patternfly/ai-helpers/f7f8160c3f28b0bc7f64181d9466a425ac8329fc/README.md",
            "pathSlug": "ai-helpers-readme",
            "section": "get-started",
            "source": "github",
            "version": "v6",
          },
          {
            "category": "development-guidelines",
            "description": "The PatternFly AI Helpers marketplace is an open source collection of plugins for AI coding tools like Claude Code and Cursor. These plugins provide models with knowledge and skills that are tailored to PatternFly workflows.",
            "displayName": "About AI Helpers, an agent marketplace for skills",
            "path": "https://raw.githubusercontent.com/patternfly/patternfly-org/957756128e8ddfc4be5db49e72312a2c43b9d220/packages/documentation-site/patternfly-docs/content/AI/marketplace/marketplace.md",
            "pathSlug": "ai-helpers-about",
            "section": "get-started",
            "source": "github",
            "version": "v6",
          },
          {
            "category": "development-guidelines",
            "description": "How to propose and land agent skills in the PatternFly AI Helpers repository (structure, review, and conventions).",
            "displayName": "AI Helpers contributing skills",
            "path": "https://raw.githubusercontent.com/patternfly/ai-helpers/f7f8160c3f28b0bc7f64181d9466a425ac8329fc/CONTRIBUTING-SKILLS.md",
            "pathSlug": "ai-helpers-contributing-skills",
            "section": "get-started",
            "source": "github",
            "version": "v6",
          },
          {
            "category": "development-guidelines",
            "description": "General contribution guide for the PatternFly AI Helpers repository (issues, PRs, and repo workflow).",
            "displayName": "AI Helpers contributing",
            "path": "https://raw.githubusercontent.com/patternfly/ai-helpers/f7f8160c3f28b0bc7f64181d9466a425ac8329fc/CONTRIBUTING.md",
            "pathSlug": "ai-helpers-contributing",
            "section": "get-started",
            "source": "github",
            "version": "v6",
          },
          {
            "category": "design-guidelines",
            "description": "The official PatternFly and UXD AI Helpers repository, an agent marketplace. Find agent skills and plugins.",
            "displayName": "AI skills for PatternFly and UXD teams",
            "path": "https://raw.githubusercontent.com/rh-uxd/ai-helpers/34913b0c96df0eaf10597717827bb62272726571/README.md",
            "pathSlug": "uxd-ai-helpers-readme",
            "section": "components",
            "source": "github",
            "version": "v6",
          },
          {
            "category": "design-guidelines",
            "description": "How to propose and land agent skills in the UXD and PatternFly AI Helpers repository (structure, review, and conventions).",
            "displayName": "UXD AI Helpers contributing skills",
            "path": "https://raw.githubusercontent.com/rh-uxd/ai-helpers/34913b0c96df0eaf10597717827bb62272726571/CONTRIBUTING-SKILLS.md",
            "pathSlug": "uxd-ai-helpers-contributing-skills",
            "section": "components",
            "source": "github",
            "version": "v6",
          },
          {
            "category": "design-guidelines",
            "description": "General contribution guide for UXD and PatternFly AI Helpers repository (issues, PRs, and repo workflow).",
            "displayName": "UXD AI Helpers contributing",
            "path": "https://raw.githubusercontent.com/rh-uxd/ai-helpers/34913b0c96df0eaf10597717827bb62272726571/CONTRIBUTING.md",
            "pathSlug": "uxd-ai-helpers-contributing",
            "section": "components",
            "source": "github",
            "version": "v6",
          },
          {
            "category": "design-guidelines",
            "description": "Frequently asked questions (FAQ) about the UXD and PatternFly AI Helpers repository.",
            "displayName": "UXD AI Helpers FAQ",
            "path": "https://raw.githubusercontent.com/rh-uxd/ai-helpers/34913b0c96df0eaf10597717827bb62272726571/FAQ.md",
            "pathSlug": "uxd-ai-helpers-faq",
            "section": "components",
            "source": "github",
            "version": "v6",
          },
          {
            "category": "design-guidelines",
            "description": "An auto-generated list of plugins available in the UXD and PatternFly AI Helpers repository.",
            "displayName": "UXD AI Helpers Plugins",
            "path": "https://raw.githubusercontent.com/rh-uxd/ai-helpers/34913b0c96df0eaf10597717827bb62272726571/PLUGINS.md",
            "pathSlug": "uxd-ai-helpers-plugins",
            "section": "components",
            "source": "github",
            "version": "v6",
          },
          {
            "category": "design-guidelines",
            "description": "A guide for contributors who aren't developers but want to create AI skills.",
            "displayName": "UXD AI Helpers Quickstart",
            "path": "https://raw.githubusercontent.com/rh-uxd/ai-helpers/34913b0c96df0eaf10597717827bb62272726571/QUICKSTART.md",
            "pathSlug": "uxd-ai-helpers-quickstart",
            "section": "components",
            "source": "github",
            "version": "v6",
          },
        ],
      },
      "id": "docs::aihelpers",
      "sourceId": "aihelpers",
      "sourceType": "local",
    },
    {
      "data": {
        "aboutmodal": [
          {
            "category": "design-guidelines",
            "description": "Design Guidelines for the about modal component.",
            "displayName": "About Modal",
            "path": "https://raw.githubusercontent.com/patternfly/patternfly-org/957756128e8ddfc4be5db49e72312a2c43b9d220/packages/documentation-site/patternfly-docs/content/components/about-modal/about-modal.md",
            "pathSlug": "about-modal",
            "section": "components",
            "source": "github",
            "version": "v6",
          },
          {
            "category": "accessibility",
            "description": "Accessibility for the about modal component.",
            "displayName": "About Modal",
            "path": "https://raw.githubusercontent.com/patternfly/patternfly-org/957756128e8ddfc4be5db49e72312a2c43b9d220/packages/documentation-site/patternfly-docs/content/components/accessibility/about-modal/about-modal.md",
            "pathSlug": "about-modal",
            "section": "components",
            "source": "github",
            "version": "v6",
          },
          {
            "category": "react",
            "description": "Examples for the about modal component.",
            "displayName": "About Modal",
            "path": "https://raw.githubusercontent.com/patternfly/patternfly-react/6f2385bbcc03de22a7ae8be506481e1b4d653200/packages/react-core/src/components/AboutModal/examples/AboutModal.md",
            "pathSlug": "about-modal",
            "section": "components",
            "source": "github",
            "version": "v6",
          },
          {
            "category": "design-guidelines",
            "description": "Design Guidelines for the about modal component (v5).",
            "displayName": "About Modal",
            "path": "https://raw.githubusercontent.com/patternfly/patternfly-org/v5/packages/documentation-site/patternfly-docs/content/design-guidelines/components/about-modal/about-modal.md",
            "pathSlug": "about-modal",
            "section": "components",
            "source": "github",
            "version": "v5",
          },
        ],
      },
      "id": "docs::aboutmodal",
      "sourceId": "aboutmodal",
      "sourceType": "local",
    },
    {
      "data": {
        "accessibility": [
          {
            "category": "accessibility",
            "description": "Accessibility standards in components and design.",
            "displayName": "Accessibility",
            "path": "https://raw.githubusercontent.com/patternfly/patternfly-org/957756128e8ddfc4be5db49e72312a2c43b9d220/packages/documentation-site/patternfly-docs/content/accessibility/accessibility.md",
            "pathSlug": "accessibility",
            "section": "components",
            "source": "github",
            "version": "v6",
          },
          {
            "category": "accessibility",
            "description": "Accessibility standards in visual design.",
            "displayName": "Accessibility for designers",
            "path": "https://raw.githubusercontent.com/patternfly/patternfly-org/957756128e8ddfc4be5db49e72312a2c43b9d220/packages/documentation-site/patternfly-docs/content/accessibility/design.md",
            "pathSlug": "accessibility-design",
            "section": "components",
            "source": "github",
            "version": "v6",
          },
          {
            "category": "accessibility",
            "description": "Accessibility standards in development.",
            "displayName": "Accessibility for developers",
            "path": "https://raw.githubusercontent.com/patternfly/patternfly-org/957756128e8ddfc4be5db49e72312a2c43b9d220/packages/documentation-site/patternfly-docs/content/accessibility/develop.md",
            "pathSlug": "accessibility-development",
            "section": "components",
            "source": "github",
            "version": "v6",
          },
          {
            "category": "accessibility",
            "description": "Accessibility testing for products.",
            "displayName": "Accessibility testing",
            "path": "https://raw.githubusercontent.com/patternfly/patternfly-org/957756128e8ddfc4be5db49e72312a2c43b9d220/packages/documentation-site/patternfly-docs/content/accessibility/test-your-product.md",
            "pathSlug": "accessibility-testing",
            "section": "components",
            "source": "github",
            "version": "v6",
          },
        ],
      },
      "id": "docs::accessibility",
      "sourceId": "accessibility",
      "sourceType": "local",
    },
    {
      "data": {
        "accordion": [
          {
            "category": "design-guidelines",
            "description": "Design Guidelines for the accordion component.",
            "displayName": "Accordion",
            "path": "https://raw.githubusercontent.com/patternfly/patternfly-org/957756128e8ddfc4be5db49e72312a2c43b9d220/packages/documentation-site/patternfly-docs/content/components/accordion/accordion.md",
            "pathSlug": "accordion",
            "section": "components",
            "source": "github",
            "version": "v6",
          },
          {
            "category": "accessibility",
            "description": "Accessibility for the accordion component.",
            "displayName": "Accordion",
            "path": "https://raw.githubusercontent.com/patternfly/patternfly-org/957756128e8ddfc4be5db49e72312a2c43b9d220/packages/documentation-site/patternfly-docs/content/components/accessibility/accordion/accordion.md",
            "pathSlug": "accordion",
            "section": "components",
            "source": "github",
            "version": "v6",
          },
          {
            "category": "react",
            "description": "Examples for the accordion component.",
            "displayName": "Accordion",
            "path": "https://raw.githubusercontent.com/patternfly/patternfly-react/6f2385bbcc03de22a7ae8be506481e1b4d653200/packages/react-core/src/components/Accordion/examples/Accordion.md",
            "pathSlug": "accordion",
            "section": "components",
            "source": "github",
            "version": "v6",
          },
        ],
      },
      "id": "docs::accordion",
      "sourceId": "accordion",
      "sourceType": "local",
    },
  ],
}
`;
