// Jest Snapshot v1, https://jestjs.io/docs/snapshot-testing

exports[`collectionCallback should match snapshot for collection result 1`] = `
{
  "records": [
    {
      "data": {
        "Card": [
          {
            "category": "css",
            "contentType": "",
            "description": "PatternFly variables and tokens for Card CSS.",
            "displayName": "Card CSS",
            "id": "api::v1::components::card::css",
            "path": "https://main.patternfly-org.pages.dev/api/v1/components/Card/css",
            "pathSlug": "components-card-css",
            "section": "components",
            "source": "api",
            "version": "v1",
          },
        ],
      },
      "id": "api::v1::components::card::css",
      "sourceId": "https://main.patternfly-org.pages.dev/api/v1/components/Card/css",
      "sourceType": "api",
    },
  ],
}
`;

exports[`expandApiEmbeddedCollection should expand compressed records: expanded 1`] = `
[
  {
    "content": "",
    "contentType": "text/markdown",
    "description": "A standard button component.",
    "displayName": "Button",
    "path": "https://main.patternfly-org.pages.dev/api/v1/components/Button/react",
    "qualityScore": 1,
    "resolvedPath": "https://main.patternfly-org.pages.dev/api/v1/components/Button/react",
  },
]
`;

exports[`getPatternFlyApiRecords should attempt to convert expanded embedded records into McpCollectionResult records, high quality score 1`] = `
[
  {
    "data": {
      "Dolor": [
        {
          "category": "react",
          "contentType": "text/markdown",
          "description": "Dolor sit component description",
          "displayName": "Dolor",
          "id": "api::v1::components::dolor::react",
          "path": "https://main.patternfly-org.pages.dev/api/v1/components/Dolor/react",
          "pathSlug": "components-dolor-react",
          "section": "components",
          "source": "api",
          "version": "v1",
        },
      ],
    },
    "id": "api::v1::components::dolor::react",
    "sourceId": "https://main.patternfly-org.pages.dev/api/v1/components/Dolor/react",
    "sourceType": "api",
  },
]
`;

exports[`getPatternFlyApiRecords should attempt to convert expanded embedded records into McpCollectionResult records, low quality score 1`] = `[]`;
