// Jest Snapshot v1, https://jestjs.io/docs/snapshot-testing

exports[`docsChart should return specific properties 1`] = `
{
  "CHART_DOCS": [
    "[@patternfly/Charts - Colors for Charts - Examples](https://raw.githubusercontent.com/patternfly/patternfly-react/refs/tags/v6.4.0/packages/react-charts/src/victory/components/ChartTheme/examples/ChartTheme.md)",
    "[@patternfly/Charts - Area Chart - Design Guidelines](https://raw.githubusercontent.com/patternfly/patternfly-org/fb05713aba75998b5ecf5299ee3c1a259119bd74/packages/documentation-site/patternfly-docs/content/design-guidelines/charts/area-chart/area-chart.md)",
    "[@patternfly/Charts - Area Chart - Examples](https://raw.githubusercontent.com/patternfly/patternfly-react/refs/tags/v6.4.0/packages/react-charts/src/victory/components/ChartArea/examples/ChartArea.md)",
    "[@patternfly/Charts - Bar Chart - Design Guidelines](https://raw.githubusercontent.com/patternfly/patternfly-org/fb05713aba75998b5ecf5299ee3c1a259119bd74/packages/documentation-site/patternfly-docs/content/design-guidelines/charts/bar-chart/bar-chart.md)",
    "[@patternfly/Charts - Bar Chart - Examples](https://raw.githubusercontent.com/patternfly/patternfly-react/refs/tags/v6.4.0/packages/react-charts/src/victory/components/ChartBar/examples/ChartBar.md)",
    "[@patternfly/Charts - Box Plot Chart - Examples](https://raw.githubusercontent.com/patternfly/patternfly-react/refs/tags/v6.4.0/packages/react-charts/src/victory/components/ChartBoxPlot/examples/ChartBoxPlot.md)",
    "[@patternfly/Charts - Bullet Chart - Design Guidelines](https://raw.githubusercontent.com/patternfly/patternfly-org/fb05713aba75998b5ecf5299ee3c1a259119bd74/packages/documentation-site/patternfly-docs/content/design-guidelines/charts/bullet-chart/bullet-chart.md)",
    "[@patternfly/Charts - Bullet Chart - Examples](https://raw.githubusercontent.com/patternfly/patternfly-react/refs/tags/v6.4.0/packages/react-charts/src/victory/components/ChartBullet/examples/ChartBullet.md)",
    "[@patternfly/Charts - Donut Chart - Design Guidelines](https://raw.githubusercontent.com/patternfly/patternfly-org/fb05713aba75998b5ecf5299ee3c1a259119bd74/packages/documentation-site/patternfly-docs/content/design-guidelines/charts/donut-chart/donut-chart.md)",
    "[@patternfly/Charts - Donut Chart - Examples](https://raw.githubusercontent.com/patternfly/patternfly-react/refs/tags/v6.4.0/packages/react-charts/src/victory/components/ChartDonut/examples/ChartDonut.md)",
    "[@patternfly/Charts - Donut Utilization Chart - Design Guidelines](https://raw.githubusercontent.com/patternfly/patternfly-org/fb05713aba75998b5ecf5299ee3c1a259119bd74/packages/documentation-site/patternfly-docs/content/design-guidelines/charts/donut-utilization-chart/donut-utilization-chart.md)",
    "[@patternfly/Charts - Donut Utilization Chart - Examples](https://raw.githubusercontent.com/patternfly/patternfly-react/refs/tags/v6.4.0/packages/react-charts/src/victory/components/ChartDonutUtilization/examples/ChartDonutUtilization.md)",
    "[@patternfly/Charts - Line Chart - Design Guidelines](https://raw.githubusercontent.com/patternfly/patternfly-org/fb05713aba75998b5ecf5299ee3c1a259119bd74/packages/documentation-site/patternfly-docs/content/design-guidelines/charts/line-chart/line-chart.md)",
    "[@patternfly/Charts - Line Chart - Examples](https://raw.githubusercontent.com/patternfly/patternfly-react/refs/tags/v6.4.0/packages/react-charts/src/victory/components/ChartLine/examples/ChartLine.md)",
    "[@patternfly/Charts - Pie Chart - Design Guidelines](https://raw.githubusercontent.com/patternfly/patternfly-org/fb05713aba75998b5ecf5299ee3c1a259119bd74/packages/documentation-site/patternfly-docs/content/design-guidelines/charts/pie-chart/pie-chart.md)",
    "[@patternfly/Charts - Pie Chart - Examples](https://raw.githubusercontent.com/patternfly/patternfly-react/refs/tags/v6.4.0/packages/react-charts/src/victory/components/ChartPie/examples/ChartPie.md)",
    "[@patternfly/Charts - Scatter Chart - Design Guidelines](https://raw.githubusercontent.com/patternfly/patternfly-org/fb05713aba75998b5ecf5299ee3c1a259119bd74/packages/documentation-site/patternfly-docs/content/design-guidelines/charts/scatter-chart/scatter-chart.md)",
    "[@patternfly/Charts - Scatter Chart - Examples](https://raw.githubusercontent.com/patternfly/patternfly-react/refs/tags/v6.4.0/packages/react-charts/src/victory/components/ChartScatter/examples/ChartScatter.md)",
    "[@patternfly/Charts - Sparkline Chart - Design Guidelines](https://raw.githubusercontent.com/patternfly/patternfly-org/fb05713aba75998b5ecf5299ee3c1a259119bd74/packages/documentation-site/patternfly-docs/content/design-guidelines/charts/sparkline-chart/sparkline-chart.md)",
    "[@patternfly/Charts - Sparkline Chart - Examples](https://raw.githubusercontent.com/patternfly/patternfly-react/refs/tags/v6.4.0/packages/react-charts/src/victory/components/Sparkline/examples/sparkline.md)",
    "[@patternfly/Charts - Stack Chart - Design Guidelines](https://raw.githubusercontent.com/patternfly/patternfly-org/fb05713aba75998b5ecf5299ee3c1a259119bd74/packages/documentation-site/patternfly-docs/content/design-guidelines/charts/stacked-chart/stacked-chart.md)",
    "[@patternfly/Charts - Stack Chart - Examples](https://raw.githubusercontent.com/patternfly/patternfly-react/refs/tags/v6.4.0/packages/react-charts/src/victory/components/ChartStack/examples/ChartStack.md)",
    "[@patternfly/Charts - Threshold Chart - Design Guidelines](https://raw.githubusercontent.com/patternfly/patternfly-org/fb05713aba75998b5ecf5299ee3c1a259119bd74/packages/documentation-site/patternfly-docs/content/design-guidelines/charts/threshold-chart/threshold-chart.md)",
    "[@patternfly/Charts - Threshold Chart - Examples](https://raw.githubusercontent.com/patternfly/patternfly-react/refs/tags/v6.4.0/packages/react-charts/src/victory/components/ChartThreshold/examples/ChartThreshold.md)",
    "[@patternfly/Charts - Legend - Design Guidelines](https://raw.githubusercontent.com/patternfly/patternfly-org/fb05713aba75998b5ecf5299ee3c1a259119bd74/packages/documentation-site/patternfly-docs/content/design-guidelines/charts/legend-chart/legend-chart.md)",
    "[@patternfly/Charts - Legend - Examples](https://raw.githubusercontent.com/patternfly/patternfly-react/refs/tags/v6.4.0/packages/react-charts/src/victory/components/ChartLegend/examples/ChartLegend.md)",
    "[@patternfly/Charts - Tooltip - Design Guidelines](https://raw.githubusercontent.com/patternfly/patternfly-org/fb05713aba75998b5ecf5299ee3c1a259119bd74/packages/documentation-site/patternfly-docs/content/design-guidelines/charts/tooltip-chart/tooltip-chart.md)",
    "[@patternfly/Charts - Tooltip - Examples](https://raw.githubusercontent.com/patternfly/patternfly-react/refs/tags/v6.4.0/packages/react-charts/src/victory/components/ChartTooltip/examples/ChartTooltip.md)",
  ],
}
`;
