// Jest Snapshot v1, https://jestjs.io/docs/snapshot-testing

exports[`options defaults should return specific properties: defaults 1`] = `
{
  "contextPath": "/",
  "contextUrl": "file:///",
  "docsPath": "/documentation",
  "docsPathSlug": "documentation:",
  "http": {
    "allowedHosts": [],
    "allowedOrigins": [],
    "host": "127.0.0.1",
    "port": 8080,
  },
  "isHttp": false,
  "logging": {
    "level": "info",
    "logger": "@patternfly/patternfly-mcp",
    "protocol": false,
    "stderr": false,
    "transport": "stdio",
  },
  "minMax": {
    "docsToLoad": {
      "max": 15,
      "min": 0,
    },
    "inputStrings": {
      "max": 256,
      "min": 1,
    },
    "toolSearches": {
      "max": 10,
      "min": 0,
    },
    "urlString": {
      "max": 1500,
      "min": 11,
    },
  },
  "mode": "programmatic",
  "modeOptions": {
    "cli": {},
    "programmatic": {},
    "test": {},
  },
  "name": "@patternfly/patternfly-mcp",
  "nodeVersion": 22,
  "patternflyOptions": {
    "availableResourceVersions": [
      "6.0.0",
    ],
    "availableSchemasVersions": [
      "v6",
    ],
    "availableSearchVersions": [
      "current",
      "latest",
      "v6",
    ],
    "default": {
      "latestSchemasVersion": "v6",
      "latestSemVer": "6.0.0",
      "latestVersion": "v6",
      "versionStrategy": "highest",
      "versionWhitelist": [
        "@patternfly/react-core",
        "@patternfly/patternfly",
      ],
    },
    "urlWhitelist": [
      "https://patternfly.org",
      "https://github.com/patternfly",
      "https://raw.githubusercontent.com/patternfly",
    ],
    "urlWhitelistProtocols": [
      "http",
      "https",
    ],
  },
  "pluginHost": {
    "gracePeriodMs": 2000,
    "invokeTimeoutMs": 10000,
    "loadTimeoutMs": 5000,
  },
  "pluginIsolation": "strict",
  "repoName": "patternfly-mcp",
  "repoResources": {
    "bugs": "https://github.com/patternfly/patternfly-mcp/issues",
    "git": "git+https://github.com/patternfly/patternfly-mcp.git",
    "homepage": "https://github.com/patternfly/patternfly-mcp#readme",
  },
  "resourceMemoOptions": {
    "default": {
      "cacheLimit": 3,
    },
    "fetchUrl": {
      "cacheErrors": false,
      "cacheLimit": 100,
      "expire": 180000,
    },
    "readFile": {
      "cacheErrors": false,
      "cacheLimit": 50,
      "expire": 120000,
    },
  },
  "resourceModules": [],
  "separator": "

---

",
  "stats": {
    "reportIntervalMs": {
      "health": 30000,
      "transport": 10000,
    },
  },
  "toolMemoOptions": {
    "searchPatternFlyDocs": {
      "cacheErrors": false,
      "cacheLimit": 10,
      "expire": 600000,
    },
    "usePatternFlyDocs": {
      "cacheErrors": false,
      "cacheLimit": 10,
      "expire": 60000,
    },
  },
  "toolModules": [],
  "urlRegex": /\\^\\(https\\?:\\)\\\\/\\\\//i,
  "version": "0.0.0",
  "xhrFetch": {
    "timeoutMs": 15000,
  },
}
`;
