// Jest Snapshot v1, https://jestjs.io/docs/snapshot-testing

exports[`getPatternFlyVersionContext should temporarily return option.defaults and latest versions with specific properties: keys 1`] = `
[
  "availableSemVer",
  "availableVersions",
  "availableSchemasVersions",
  "enumeratedVersions",
  "envSemVer",
  "envVersion",
  "latestVersion",
  "latestSchemasVersion",
  "isEnvTheLatestVersion",
  "isEnvTheLatestSchemasVersion",
]
`;
