// Jest Snapshot v1, https://jestjs.io/docs/snapshot-testing

exports[`getPatternFlyComponentNames should return multiple organized facets: properties 1`] = `
[
  "componentNamesIndex",
  "componentNamesIndexMap",
  "byVersion",
]
`;

exports[`getPatternFlyMcpResources should return multiple organized facets: properties 1`] = `
[
  "availableSemVer",
  "availableVersions",
  "availableSchemasVersions",
  "enumeratedVersions",
  "envSemVer",
  "envVersion",
  "latestVersion",
  "latestSchemasVersion",
  "isEnvTheLatestVersion",
  "isEnvTheLatestSchemasVersion",
  "resources",
  "docsIndex",
  "componentsIndex",
  "isFallbackDocumentation",
  "keywordsIndex",
  "keywordsMap",
  "pathIndex",
  "byPath",
  "byUri",
  "byVersion",
  "byVersionComponentNames",
]
`;

exports[`setCategoryDisplayLabel should normalize categories and apply linking markdown, accessibility 1`] = `"Accessibility"`;

exports[`setCategoryDisplayLabel should normalize categories and apply linking markdown, design 1`] = `"Design Guidelines"`;

exports[`setCategoryDisplayLabel should normalize categories and apply linking markdown, empty string 1`] = `"Documentation"`;

exports[`setCategoryDisplayLabel should normalize categories and apply linking markdown, example 1`] = `"Examples"`;

exports[`setCategoryDisplayLabel should normalize categories and apply linking markdown, guidelines 1`] = `"AI Guidance"`;

exports[`setCategoryDisplayLabel should normalize categories and apply linking markdown, null 1`] = `"Documentation"`;

exports[`setCategoryDisplayLabel should normalize categories and apply linking markdown, undefined 1`] = `"Documentation"`;
