// Jest Snapshot v1, https://jestjs.io/docs/snapshot-testing

exports[`patternFlyDocsIndexResource should have a consistent return structure: structure 1`] = `
{
  "config": true,
  "handler": [Function],
  "name": "patternfly-docs-index",
  "uri": ResourceTemplate {
    "_callbacks": {
      "complete": {
        "category": [Function],
        "section": [Function],
        "version": [Function],
      },
      "list": [Function],
    },
    "_uriTemplate": UriTemplate {
      "parts": [
        "patternfly://docs/index",
        {
          "exploded": false,
          "name": "version",
          "names": [
            "version",
            "section",
            "category",
          ],
          "operator": "?",
        },
      ],
      "template": "patternfly://docs/index{?version,section,category}",
    },
  },
}
`;
