// Jest Snapshot v1, https://jestjs.io/docs/snapshot-testing

exports[`patternFlyDocsTemplateResource should have a consistent return structure: structure 1`] = `
{
  "config": true,
  "handler": [Function],
  "name": "patternfly-docs-template",
  "uri": ResourceTemplate {
    "_callbacks": {
      "complete": {
        "category": [Function],
        "name": [Function],
        "section": [Function],
        "version": [Function],
      },
      "list": undefined,
    },
    "_uriTemplate": UriTemplate {
      "parts": [
        "patternfly://docs/",
        {
          "exploded": false,
          "name": "name",
          "names": [
            "name",
          ],
          "operator": "",
        },
        {
          "exploded": false,
          "name": "version",
          "names": [
            "version",
            "category",
            "section",
          ],
          "operator": "?",
        },
      ],
      "template": "patternfly://docs/{name}{?version,category,section}",
    },
  },
}
`;
