// Jest Snapshot v1, https://jestjs.io/docs/snapshot-testing

exports[`composeTools should handle IPC errors gracefully: warn 1`] = `
[
  [
    "Failed to resolve file path: ./test-module.js TypeError: {(intermediate value)}.resolve is not a function",
  ],
]
`;

exports[`composeTools should handle spawn errors gracefully: warn 1`] = `
[
  [
    "Failed to resolve file path: ./test-module.js TypeError: {(intermediate value)}.resolve is not a function",
  ],
]
`;

exports[`composeTools should log warnings and errors from load: warn 1`] = `
[
  [
    "Failed to resolve file path: ./test-module.js TypeError: {(intermediate value)}.resolve is not a function",
  ],
]
`;
