// Jest Snapshot v1, https://jestjs.io/docs/snapshot-testing

exports[`componentSchemasTool should have a consistent return structure: structure 1`] = `
[
  "componentSchemas",
  {
    "description": "Get JSON Schema for a PatternFly React component. Returns prop definitions, types, and validation rules. Use this for structured component metadata, not documentation.",
    "inputSchema": {
      "componentName": ZodString {
        "_def": {
          "checks": [],
          "coerce": false,
          "description": "Name of the PatternFly component (e.g., "Button", "Table")",
          "typeName": "ZodString",
        },
        "and": [Function],
        "array": [Function],
        "brand": [Function],
        "catch": [Function],
        "default": [Function],
        "describe": [Function],
        "isNullable": [Function],
        "isOptional": [Function],
        "nullable": [Function],
        "nullish": [Function],
        "optional": [Function],
        "or": [Function],
        "parse": [Function],
        "parseAsync": [Function],
        "pipe": [Function],
        "promise": [Function],
        "readonly": [Function],
        "refine": [Function],
        "refinement": [Function],
        "safeParse": [Function],
        "safeParseAsync": [Function],
        "spa": [Function],
        "superRefine": [Function],
        "transform": [Function],
        "~standard": {
          "validate": [Function],
          "vendor": "zod",
          "version": 1,
        },
      },
    },
  },
  [Function],
]
`;

exports[`componentSchemasTool, callback should parse parameters, default 1`] = `
{
  "content": [
    {
      "text": "{
  "$schema": "https://json-schema.org/draft/2020-12/schema",
  "type": "object",
  "title": "Button Props",
  "description": "Props for the Button component",
  "properties": {
    "variant": {
      "type": "string",
      "enum": [
        "primary",
        "secondary"
      ]
    },
    "size": {
      "type": "string",
      "enum": [
        "sm",
        "md",
        "lg"
      ]
    },
    "children": {
      "type": "string",
      "description": "Content rendered inside the button"
    }
  },
  "required": [
    "children"
  ],
  "additionalProperties": false
}",
      "type": "text",
    },
  ],
}
`;

exports[`componentSchemasTool, callback should parse parameters, with lower case componentName 1`] = `
{
  "content": [
    {
      "text": "{
  "$schema": "https://json-schema.org/draft/2020-12/schema",
  "type": "object",
  "title": "Button Props",
  "description": "Props for the Button component",
  "properties": {
    "variant": {
      "type": "string",
      "enum": [
        "primary",
        "secondary"
      ]
    },
    "size": {
      "type": "string",
      "enum": [
        "sm",
        "md",
        "lg"
      ]
    },
    "children": {
      "type": "string",
      "description": "Content rendered inside the button"
    }
  },
  "required": [
    "children"
  ],
  "additionalProperties": false
}",
      "type": "text",
    },
  ],
}
`;

exports[`componentSchemasTool, callback should parse parameters, with trimmed componentName 1`] = `
{
  "content": [
    {
      "text": "{
  "$schema": "https://json-schema.org/draft/2020-12/schema",
  "type": "object",
  "title": "Button Props",
  "description": "Props for the Button component",
  "properties": {
    "variant": {
      "type": "string",
      "enum": [
        "primary",
        "secondary"
      ]
    },
    "size": {
      "type": "string",
      "enum": [
        "sm",
        "md",
        "lg"
      ]
    },
    "children": {
      "type": "string",
      "description": "Content rendered inside the button"
    }
  },
  "required": [
    "children"
  ],
  "additionalProperties": false
}",
      "type": "text",
    },
  ],
}
`;

exports[`componentSchemasTool, callback should parse parameters, with upper case componentName 1`] = `
{
  "content": [
    {
      "text": "{
  "$schema": "https://json-schema.org/draft/2020-12/schema",
  "type": "object",
  "title": "Button Props",
  "description": "Props for the Button component",
  "properties": {
    "variant": {
      "type": "string",
      "enum": [
        "primary",
        "secondary"
      ]
    },
    "size": {
      "type": "string",
      "enum": [
        "sm",
        "md",
        "lg"
      ]
    },
    "children": {
      "type": "string",
      "description": "Content rendered inside the button"
    }
  },
  "required": [
    "children"
  ],
  "additionalProperties": false
}",
      "type": "text",
    },
  ],
}
`;
