// Jest Snapshot v1, https://jestjs.io/docs/snapshot-testing

exports[`searchPatternFlyDocsTool should have a consistent return structure: structure 1`] = `
{
  "callback": [Function],
  "name": "searchPatternFlyDocs",
  "schema": true,
}
`;

exports[`searchPatternFlyDocsTool, callback should have a specific markdown format: Button 1`] = `
[
  {
    "text": "# Search results for PatternFly version "v6" and "button". Showing 1 exact match.
1. **button**:
  "usePatternFlyDocs" resource parameter "name" and "URLs"
    - **Name**: button
    - **URLs**:
      - [Button - (v6) - Design Guidelines](https://pf.org/button.md)
    - **Resources**:
      - **URI**: patternfly://docs/button?version=v6
      - **JSON Schemas**: patternfly://schemas/button?version=v6



---


**Important**:
  - Use the "usePatternFlyDocs" tool with the above names and URLs to fetch resource content.
  - Use a search all ("*") to find all available resources.",
    "type": "text",
  },
]
`;

exports[`searchPatternFlyDocsTool, callback should parse parameters, exact match 1`] = `"# Search results for PatternFly version "v6" and "button". Showing 1 exact match."`;

exports[`searchPatternFlyDocsTool, callback should parse parameters, wildcard search 1`] = `"# Search results for PatternFly version "v6" and "all" resources. Only showing the first 1 results. There are 50 potential match variations. Try searching with a more specific query."`;
