// Jest Snapshot v1, https://jestjs.io/docs/snapshot-testing

exports[`getComponentSourceCode should have a consistent return structure: structure 1`] = `
[
  "getComponentSourceCode",
  {
    "description": "Retrieve a source code of a specified Patternfly react-core module in the current environment.",
    "inputSchema": {
      "componentName": ZodString {
        "_def": {
          "checks": [],
          "coerce": false,
          "description": "Name of the PatternFly component (e.g., "Button", "Table")",
          "typeName": "ZodString",
        },
        "and": [Function],
        "array": [Function],
        "brand": [Function],
        "catch": [Function],
        "default": [Function],
        "describe": [Function],
        "isNullable": [Function],
        "isOptional": [Function],
        "nullable": [Function],
        "nullish": [Function],
        "optional": [Function],
        "or": [Function],
        "parse": [Function],
        "parseAsync": [Function],
        "pipe": [Function],
        "promise": [Function],
        "readonly": [Function],
        "refine": [Function],
        "refinement": [Function],
        "safeParse": [Function],
        "safeParseAsync": [Function],
        "spa": [Function],
        "superRefine": [Function],
        "transform": [Function],
        "~standard": {
          "validate": [Function],
          "vendor": "zod",
          "version": 1,
        },
      },
      "packageName": ZodDefault {
        "_def": {
          "defaultValue": [Function],
          "description": "Name of the patternfly package to get component from",
          "errorMap": [Function],
          "innerType": ZodOptional {
            "_def": {
              "description": "Name of the patternfly package to get component from",
              "errorMap": [Function],
              "innerType": ZodEnum {
                "_def": {
                  "typeName": "ZodEnum",
                  "values": [
                    "@patternfly/react-core",
                    "@patternfly/react-table",
                    "@patternfly/react-data-view",
                    "@patternfly/react-component-groups",
                  ],
                },
                "and": [Function],
                "array": [Function],
                "brand": [Function],
                "catch": [Function],
                "default": [Function],
                "describe": [Function],
                "isNullable": [Function],
                "isOptional": [Function],
                "nullable": [Function],
                "nullish": [Function],
                "optional": [Function],
                "or": [Function],
                "parse": [Function],
                "parseAsync": [Function],
                "pipe": [Function],
                "promise": [Function],
                "readonly": [Function],
                "refine": [Function],
                "refinement": [Function],
                "safeParse": [Function],
                "safeParseAsync": [Function],
                "spa": [Function],
                "superRefine": [Function],
                "transform": [Function],
                "~standard": {
                  "validate": [Function],
                  "vendor": "zod",
                  "version": 1,
                },
              },
              "typeName": "ZodOptional",
            },
            "and": [Function],
            "array": [Function],
            "brand": [Function],
            "catch": [Function],
            "default": [Function],
            "describe": [Function],
            "isNullable": [Function],
            "isOptional": [Function],
            "nullable": [Function],
            "nullish": [Function],
            "optional": [Function],
            "or": [Function],
            "parse": [Function],
            "parseAsync": [Function],
            "pipe": [Function],
            "promise": [Function],
            "readonly": [Function],
            "refine": [Function],
            "refinement": [Function],
            "safeParse": [Function],
            "safeParseAsync": [Function],
            "spa": [Function],
            "superRefine": [Function],
            "transform": [Function],
            "~standard": {
              "validate": [Function],
              "vendor": "zod",
              "version": 1,
            },
          },
          "typeName": "ZodDefault",
        },
        "and": [Function],
        "array": [Function],
        "brand": [Function],
        "catch": [Function],
        "default": [Function],
        "describe": [Function],
        "isNullable": [Function],
        "isOptional": [Function],
        "nullable": [Function],
        "nullish": [Function],
        "optional": [Function],
        "or": [Function],
        "parse": [Function],
        "parseAsync": [Function],
        "pipe": [Function],
        "promise": [Function],
        "readonly": [Function],
        "refine": [Function],
        "refinement": [Function],
        "safeParse": [Function],
        "safeParseAsync": [Function],
        "spa": [Function],
        "superRefine": [Function],
        "transform": [Function],
        "~standard": {
          "validate": [Function],
          "vendor": "zod",
          "version": 1,
        },
      },
    },
  },
  [Function],
]
`;

exports[`getComponentSourceCode, callback successful component source retrieval should handle .tsx file when .ts file not found 1`] = `
{
  "content": [
    {
      "text": "export const Button = () => { return <button>Click me</button>; };",
      "type": "text",
    },
  ],
}
`;

exports[`getComponentSourceCode, callback successful component source retrieval should retrieve component source code successfully 1`] = `
{
  "content": [
    {
      "text": "export const Button = () => { return <button>Click me</button>; };",
      "type": "text",
    },
  ],
}
`;
