// Jest Snapshot v1, https://jestjs.io/docs/snapshot-testing

exports[`Builtin tools, HTTP transport should concatenate headers and separator with two remote files 1`] = `
"# Content for https://www.patternfly.org/notARealPath/AboutModal.md
Source: https://www.patternfly.org/notARealPath/AboutModal.md

# Test Document

This is a test document for mocking remote HTTP requests.

---

# Content for https://www.patternfly.org/notARealPath/ChartLegend.md
Source: https://www.patternfly.org/notARealPath/ChartLegend.md

# Test Document

This is a test document for mocking remote HTTP requests."
`;

exports[`Builtin tools, HTTP transport should expose expected tools and stable shape: tools 1`] = `
{
  "toolNames": [
    "componentSchemas",
    "searchPatternFlyDocs",
    "usePatternFlyDocs",
  ],
}
`;

exports[`Builtin tools, HTTP transport should initialize MCP session over HTTP 1`] = `
{
  "baseUrl": "http://127.0.0.1:8000",
  "name": "@patternfly/patternfly-mcp",
  "version": "2024-11-05",
}
`;
