// Jest Snapshot v1, https://jestjs.io/docs/snapshot-testing

exports[`Builtin resources, HTTP transport should expose expected resources and templates: resources 1`] = `
{
  "resourceNames": [
    "patternfly://context",
    "patternfly://docs/index",
    "patternfly://schemas/index",
  ],
  "templateNames": [
    "patternfly://docs/{name}",
    "patternfly://schemas/{name}",
  ],
}
`;

exports[`Builtin tools, HTTP transport should concatenate headers and separator with two local files 1`] = `
"# Documentation from documentation/guidelines/README.md

# PatternFly Development Rules
            This is a generated offline fixture used by the MCP external URLs test.

            Essential rules and guidelines working with PatternFly applications.

            ## Quick Navigation

            ### 🚀 Setup & Environment
            - **Setup Rules** - Project initialization requirements
            - **Quick Start** - Essential setup steps
            - **Environment Rules** - Development configuration

---

# Documentation from documentation:components/README.md

# PatternFly Development Rules
            This is a generated offline fixture used by the MCP external URLs test.

            Essential rules and guidelines working with PatternFly applications.

            ## Quick Navigation

            ### 🚀 Setup & Environment
            - **Setup Rules** - Project initialization requirements
            - **Quick Start** - Essential setup steps
            - **Environment Rules** - Development configuration"
`;

exports[`Builtin tools, HTTP transport should concatenate headers and separator with two remote files 1`] = `
"# Documentation from https://www.patternfly.org/notARealPath/ChartLegend.md

# Test Document

This is a test document for mocking remote HTTP requests.

---

# Documentation from https://www.patternfly.org/notARealPath/AboutModal.md

# Test Document

This is a test document for mocking remote HTTP requests."
`;

exports[`Builtin tools, HTTP transport should expose expected tools and stable shape: tools 1`] = `
{
  "toolNames": [
    "componentSchemas",
    "searchPatternFlyDocs",
    "usePatternFlyDocs",
  ],
}
`;

exports[`Builtin tools, HTTP transport should initialize MCP session over HTTP 1`] = `
{
  "baseUrl": "http://127.0.0.1:8000",
  "name": "@patternfly/patternfly-mcp",
  "version": "2024-11-05",
}
`;
